// Vitest Snapshot v1, https://vitest.dev/guide/snapshot.html

exports[`upload > upload 1`] = `
[
  {
    "body": {},
    "contentType": "image/png",
    "method": "PUT",
    "throw": false,
    "url": "https://bucket.api.example.com/obsidian/2024/02/01/3amOI.png?X-Amz-Algorithm=AWS4-HMAC-SHA256&X-Amz-Content-Sha256=UNSIGNED-PAYLOAD&X-Amz-Credential=Abc%2F20240201%2Fauto%2Fs3%2Faws4_request&X-Amz-Date=20240201T130000Z&X-Amz-Expires=900&X-Amz-Signature=5a62fa832c1252c2298bbd58bb67725895f6622415f50fbc507aaacda75e1c60&X-Amz-SignedHeaders=host&x-id=PutObject",
  },
]
`;
